<html>
<body>
<pre>
<h1>µVision Build Log</h1>
<h2>Project:</h2>
D:\Karthik\ARM\LPC2148\weigand\LCD_lib\lcd.uvproj
Project File Date:  03/03/2016

<h2>Output:</h2>
Rebuild target 'Target 1'
assembling Startup.s...
compiling lcd.c...
compiling main.c...
weigand.h(8): warning:  #260-D: explicit type is missing ("int" assumed)
weigand.h(26): warning:  #1-D: last line of file ends without a newline
main.c(6): warning:  #951-D: return type of function "main" must be "int"
linking...
lcd.axf: Error: L6218E: Undefined symbol weigand_init (referred from main.o).
Target not created
Rebuild target 'Target 1'
assembling Startup.s...
compiling lcd.c...
compiling main.c...
weigand.h(8): warning:  #260-D: explicit type is missing ("int" assumed)
weigand.h(26): warning:  #1-D: last line of file ends without a newline
main.c(6): warning:  #951-D: return type of function "main" must be "int"
compiling weigand.c...
weigand.h(8): warning:  #260-D: explicit type is missing ("int" assumed)
weigand.h(26): warning:  #1-D: last line of file ends without a newline
linking...
lcd.axf: Error: L6200E: Symbol data multiply defined (by weigand.o and main.o).
lcd.axf: Error: L6200E: Symbol weigandsize multiply defined (by weigand.o and main.o).
lcd.axf: Error: L6200E: Symbol dataready multiply defined (by weigand.o and main.o).
Target not created
Rebuild target 'Target 1'
assembling Startup.s...
compiling lcd.c...
compiling main.c...
weigand.h(23): warning:  #1-D: last line of file ends without a newline
main.c(9): warning:  #260-D: explicit type is missing ("int" assumed)
main.c(12): warning:  #951-D: return type of function "main" must be "int"
compiling weigand.c...
weigand.h(23): warning:  #1-D: last line of file ends without a newline
weigand.c(5): warning:  #260-D: explicit type is missing ("int" assumed)
linking...
lcd.axf: Error: L6200E: Symbol data multiply defined (by weigand.o and main.o).
lcd.axf: Error: L6200E: Symbol weigandsize multiply defined (by weigand.o and main.o).
lcd.axf: Error: L6200E: Symbol dataready multiply defined (by weigand.o and main.o).
Target not created
Rebuild target 'Target 1'
assembling Startup.s...
compiling lcd.c...
compiling main.c...
weigand.h(23): warning:  #1-D: last line of file ends without a newline
main.c(9): warning:  #260-D: explicit type is missing ("int" assumed)
main.c(12): warning:  #951-D: return type of function "main" must be "int"
compiling weigand.c...
weigand.h(23): warning:  #1-D: last line of file ends without a newline
weigand.c(5): warning:  #260-D: explicit type is missing ("int" assumed)
linking...
lcd.axf: Error: L6200E: Symbol data multiply defined (by weigand.o and main.o).
lcd.axf: Error: L6200E: Symbol weigandsize multiply defined (by weigand.o and main.o).
lcd.axf: Error: L6200E: Symbol dataready multiply defined (by weigand.o and main.o).
Target not created
Rebuild target 'Target 1'
assembling Startup.s...
compiling lcd.c...
compiling main.c...
weigand.h(23): warning:  #1-D: last line of file ends without a newline
main.c(9): warning:  #260-D: explicit type is missing ("int" assumed)
main.c(12): warning:  #951-D: return type of function "main" must be "int"
compiling weigand.c...
weigand.h(23): warning:  #1-D: last line of file ends without a newline
weigand.c(5): warning:  #260-D: explicit type is missing ("int" assumed)
linking...
lcd.axf: Error: L6200E: Symbol data multiply defined (by weigand.o and main.o).
lcd.axf: Error: L6200E: Symbol weigandsize multiply defined (by weigand.o and main.o).
lcd.axf: Error: L6200E: Symbol dataready multiply defined (by weigand.o and main.o).
Target not created
Rebuild target 'Target 1'
assembling Startup.s...
compiling lcd.c...
compiling main.c...
weigand.h(23): warning:  #1-D: last line of file ends without a newline
main.c(9): warning:  #260-D: explicit type is missing ("int" assumed)
main.c(12): warning:  #951-D: return type of function "main" must be "int"
compiling weigand.c...
weigand.h(23): warning:  #1-D: last line of file ends without a newline
weigand.c(5): warning:  #260-D: explicit type is missing ("int" assumed)
linking...
lcd.axf: Error: L6200E: Symbol data multiply defined (by weigand.o and main.o).
lcd.axf: Error: L6200E: Symbol weigandsize multiply defined (by weigand.o and main.o).
lcd.axf: Error: L6200E: Symbol dataready multiply defined (by weigand.o and main.o).
Target not created
Rebuild target 'Target 1'
assembling Startup.s...
compiling lcd.c...
compiling main.c...
weigand.h(23): warning:  #1-D: last line of file ends without a newline
main.c(12): warning:  #951-D: return type of function "main" must be "int"
main.c(26): error:  #20: identifier "dataready" is undefined
main.c(37): error:  #20: identifier "data" is undefined
main.c(41): error:  #20: identifier "data" is undefined
compiling weigand.c...
weigand.h(23): warning:  #1-D: last line of file ends without a newline
weigand.c(5): warning:  #260-D: explicit type is missing ("int" assumed)
Target not created
Rebuild target 'Target 1'
assembling Startup.s...
compiling lcd.c...
compiling main.c...
weigand.h(23): warning:  #1-D: last line of file ends without a newline
main.c(9): warning:  #260-D: explicit type is missing ("int" assumed)
main.c(12): warning:  #951-D: return type of function "main" must be "int"
compiling weigand.c...
weigand.h(23): warning:  #1-D: last line of file ends without a newline
weigand.c(5): warning:  #260-D: explicit type is missing ("int" assumed)
linking...
lcd.axf: Error: L6200E: Symbol data multiply defined (by weigand.o and main.o).
lcd.axf: Error: L6200E: Symbol weigandsize multiply defined (by weigand.o and main.o).
lcd.axf: Error: L6200E: Symbol dataready multiply defined (by weigand.o and main.o).
Target not created
Rebuild target 'Target 1'
assembling Startup.s...
compiling lcd.c...
compiling main.c...
weigand.h(23): warning:  #1-D: last line of file ends without a newline
main.c(9): warning:  #260-D: explicit type is missing ("int" assumed)
main.c(12): warning:  #951-D: return type of function "main" must be "int"
compiling weigand.c...
weigand.h(23): warning:  #1-D: last line of file ends without a newline
weigand.c(5): warning:  #260-D: explicit type is missing ("int" assumed)
linking...
lcd.axf: Error: L6200E: Symbol data multiply defined (by weigand.o and main.o).
lcd.axf: Error: L6200E: Symbol weigandsize multiply defined (by weigand.o and main.o).
lcd.axf: Error: L6200E: Symbol dataready multiply defined (by weigand.o and main.o).
Target not created
Rebuild target 'Target 1'
assembling Startup.s...
compiling lcd.c...
compiling main.c...
weigand.h(23): warning:  #1-D: last line of file ends without a newline
main.c(9): warning:  #260-D: explicit type is missing ("int" assumed)
main.c(12): warning:  #951-D: return type of function "main" must be "int"
compiling weigand.c...
weigand.h(23): warning:  #1-D: last line of file ends without a newline
weigand.c(5): warning:  #260-D: explicit type is missing ("int" assumed)
linking...
lcd.axf: Error: L6200E: Symbol data multiply defined (by weigand.o and main.o).
lcd.axf: Error: L6200E: Symbol weigandsize multiply defined (by weigand.o and main.o).
lcd.axf: Error: L6200E: Symbol dataready multiply defined (by weigand.o and main.o).
Target not created
Rebuild target 'Target 1'
assembling Startup.s...
compiling lcd.c...
compiling main.c...
weigand.h(23): warning:  #1-D: last line of file ends without a newline
main.c(9): warning:  #260-D: explicit type is missing ("int" assumed)
main.c(12): warning:  #951-D: return type of function "main" must be "int"
compiling weigand.c...
weigand.h(23): warning:  #1-D: last line of file ends without a newline
weigand.c(5): warning:  #260-D: explicit type is missing ("int" assumed)
linking...
Program Size: Code=2604 RO-data=32 RW-data=52 ZI-data=1260  
FromELF: creating hex file...
User command #1: fromelf --bin lcd.axf -o lcd.bin
"lcd.axf" - 0 Error(s), 5 Warning(s).
Rebuild target 'Target 1'
assembling Startup.s...
compiling lcd.c...
compiling main.c...
weigand.h(24): warning:  #1-D: last line of file ends without a newline
main.c(9): warning:  #260-D: explicit type is missing ("int" assumed)
main.c(12): warning:  #951-D: return type of function "main" must be "int"
compiling weigand.c...
weigand.h(24): warning:  #1-D: last line of file ends without a newline
weigand.c(5): warning:  #260-D: explicit type is missing ("int" assumed)
linking...
Program Size: Code=2604 RO-data=32 RW-data=52 ZI-data=1260  
FromELF: creating hex file...
User command #1: fromelf --bin lcd.axf -o lcd.bin
"lcd.axf" - 0 Error(s), 5 Warning(s).
Build target 'Target 1'
compiling main.c...
weigand.h(24): warning:  #1-D: last line of file ends without a newline
main.c(12): warning:  #951-D: return type of function "main" must be "int"
compiling weigand.c...
weigand.h(24): warning:  #1-D: last line of file ends without a newline
linking...
Program Size: Code=2604 RO-data=32 RW-data=44 ZI-data=1260  
FromELF: creating hex file...
User command #1: fromelf --bin lcd.axf -o lcd.bin
"lcd.axf" - 0 Error(s), 3 Warning(s).
Rebuild target 'Target 1'
assembling Startup.s...
compiling lcd.c...
compiling main.c...
weigand.h(24): warning:  #1-D: last line of file ends without a newline
main.c(12): warning:  #951-D: return type of function "main" must be "int"
compiling weigand.c...
weigand.h(24): warning:  #1-D: last line of file ends without a newline
linking...
Program Size: Code=2604 RO-data=32 RW-data=44 ZI-data=1260  
FromELF: creating hex file...
User command #1: fromelf --bin lcd.axf -o lcd.bin
"lcd.axf" - 0 Error(s), 3 Warning(s).
Rebuild target 'Target 1'
assembling Startup.s...
compiling lcd.c...
compiling main.c...
weigand.h(24): warning:  #1-D: last line of file ends without a newline
compiling weigand.c...
weigand.h(24): warning:  #1-D: last line of file ends without a newline
linking...
Program Size: Code=2604 RO-data=32 RW-data=44 ZI-data=1260  
FromELF: creating hex file...
User command #1: fromelf --bin lcd.axf -o lcd.bin
"lcd.axf" - 0 Error(s), 2 Warning(s).
Rebuild target 'Target 1'
assembling Startup.s...
compiling lcd.c...
compiling main.c...
weigand.h(24): warning:  #1-D: last line of file ends without a newline
compiling weigand.c...
weigand.h(24): warning:  #1-D: last line of file ends without a newline
linking...
Program Size: Code=2604 RO-data=32 RW-data=44 ZI-data=1260  
FromELF: creating hex file...
User command #1: fromelf --bin lcd.axf -o lcd.bin
"lcd.axf" - 0 Error(s), 2 Warning(s).
Rebuild target 'Target 1'
assembling Startup.s...
compiling lcd.c...
compiling main.c...
weigand.h(24): warning:  #1-D: last line of file ends without a newline
compiling weigand.c...
weigand.h(24): warning:  #1-D: last line of file ends without a newline
linking...
Program Size: Code=2616 RO-data=32 RW-data=44 ZI-data=1260  
FromELF: creating hex file...
User command #1: fromelf --bin lcd.axf -o lcd.bin
"lcd.axf" - 0 Error(s), 2 Warning(s).
Rebuild target 'Target 1'
assembling Startup.s...
compiling lcd.c...
compiling main.c...
weigand.h(24): warning:  #1-D: last line of file ends without a newline
compiling weigand.c...
weigand.h(24): warning:  #1-D: last line of file ends without a newline
linking...
Program Size: Code=2616 RO-data=32 RW-data=44 ZI-data=1260  
FromELF: creating hex file...
User command #1: fromelf --bin lcd.axf -o lcd.bin
"lcd.axf" - 0 Error(s), 2 Warning(s).
Rebuild target 'Target 1'
assembling Startup.s...
compiling lcd.c...
compiling main.c...
weigand.h(24): warning:  #1-D: last line of file ends without a newline
compiling weigand.c...
weigand.h(24): warning:  #1-D: last line of file ends without a newline
linking...
Program Size: Code=2616 RO-data=32 RW-data=44 ZI-data=1260  
FromELF: creating hex file...
User command #1: fromelf --bin lcd.axf -o lcd.bin
"lcd.axf" - 0 Error(s), 2 Warning(s).
Rebuild target 'Target 1'
assembling Startup.s...
compiling lcd.c...
compiling main.c...
weigand.h(24): warning:  #1-D: last line of file ends without a newline
compiling weigand.c...
weigand.h(24): warning:  #1-D: last line of file ends without a newline
linking...
Program Size: Code=2616 RO-data=32 RW-data=44 ZI-data=1260  
FromELF: creating hex file...
User command #1: fromelf --bin lcd.axf -o lcd.bin
"lcd.axf" - 0 Error(s), 2 Warning(s).
Rebuild target 'Target 1'
assembling Startup.s...
compiling lcd.c...
compiling main.c...
weigand.h(24): warning:  #1-D: last line of file ends without a newline
compiling weigand.c...
weigand.h(24): warning:  #1-D: last line of file ends without a newline
linking...
Program Size: Code=2624 RO-data=32 RW-data=44 ZI-data=1260  
FromELF: creating hex file...
User command #1: fromelf --bin lcd.axf -o lcd.bin
"lcd.axf" - 0 Error(s), 2 Warning(s).
Rebuild target 'Target 1'
assembling Startup.s...
compiling lcd.c...
compiling main.c...
weigand.h(24): warning:  #1-D: last line of file ends without a newline
compiling weigand.c...
weigand.h(24): warning:  #1-D: last line of file ends without a newline
linking...
Program Size: Code=2624 RO-data=32 RW-data=44 ZI-data=1260  
FromELF: creating hex file...
User command #1: fromelf --bin lcd.axf -o lcd.bin
"lcd.axf" - 0 Error(s), 2 Warning(s).
Rebuild target 'Target 1'
assembling Startup.s...
compiling lcd.c...
compiling main.c...
weigand.h(24): warning:  #1-D: last line of file ends without a newline
compiling weigand.c...
weigand.h(24): warning:  #1-D: last line of file ends without a newline
linking...
Program Size: Code=2624 RO-data=32 RW-data=44 ZI-data=1260  
FromELF: creating hex file...
User command #1: fromelf --bin lcd.axf -o lcd.bin
"lcd.axf" - 0 Error(s), 2 Warning(s).
Rebuild target 'Target 1'
assembling Startup.s...
compiling lcd.c...
compiling main.c...
weigand.h(24): warning:  #1-D: last line of file ends without a newline
compiling weigand.c...
weigand.h(24): warning:  #1-D: last line of file ends without a newline
linking...
Program Size: Code=2624 RO-data=32 RW-data=44 ZI-data=1260  
FromELF: creating hex file...
User command #1: fromelf --bin lcd.axf -o lcd.bin
"lcd.axf" - 0 Error(s), 2 Warning(s).
Rebuild target 'Target 1'
assembling Startup.s...
compiling lcd.c...
compiling main.c...
weigand.h(24): warning:  #1-D: last line of file ends without a newline
compiling weigand.c...
weigand.h(24): warning:  #1-D: last line of file ends without a newline
linking...
Program Size: Code=2624 RO-data=32 RW-data=44 ZI-data=1260  
FromELF: creating hex file...
User command #1: fromelf --bin lcd.axf -o lcd.bin
"lcd.axf" - 0 Error(s), 2 Warning(s).
Rebuild target 'Target 1'
assembling Startup.s...
compiling lcd.c...
compiling main.c...
weigand.h(24): warning:  #1-D: last line of file ends without a newline
compiling weigand.c...
weigand.h(24): warning:  #1-D: last line of file ends without a newline
linking...
Program Size: Code=2624 RO-data=32 RW-data=44 ZI-data=1260  
FromELF: creating hex file...
User command #1: fromelf --bin lcd.axf -o lcd.bin
"lcd.axf" - 0 Error(s), 2 Warning(s).
Rebuild target 'Target 1'
assembling Startup.s...
compiling lcd.c...
compiling main.c...
weigand.h(24): warning:  #1-D: last line of file ends without a newline
compiling weigand.c...
weigand.h(24): warning:  #1-D: last line of file ends without a newline
linking...
Program Size: Code=2624 RO-data=32 RW-data=44 ZI-data=1260  
FromELF: creating hex file...
User command #1: fromelf --bin lcd.axf -o lcd.bin
"lcd.axf" - 0 Error(s), 2 Warning(s).
Rebuild target 'Target 1'
assembling Startup.s...
compiling lcd.c...
compiling main.c...
weigand.h(24): warning:  #1-D: last line of file ends without a newline
compiling weigand.c...
weigand.h(24): warning:  #1-D: last line of file ends without a newline
linking...
Program Size: Code=2624 RO-data=32 RW-data=44 ZI-data=1260  
FromELF: creating hex file...
User command #1: fromelf --bin lcd.axf -o lcd.bin
"lcd.axf" - 0 Error(s), 2 Warning(s).
Rebuild target 'Target 1'
assembling Startup.s...
compiling lcd.c...
compiling main.c...
weigand.h(24): warning:  #1-D: last line of file ends without a newline
compiling weigand.c...
weigand.h(24): warning:  #1-D: last line of file ends without a newline
linking...
Program Size: Code=2624 RO-data=32 RW-data=44 ZI-data=1260  
FromELF: creating hex file...
User command #1: fromelf --bin lcd.axf -o lcd.bin
"lcd.axf" - 0 Error(s), 2 Warning(s).
Rebuild target 'Target 1'
assembling Startup.s...
compiling lcd.c...
compiling main.c...
weigand.h(24): warning:  #1-D: last line of file ends without a newline
compiling weigand.c...
weigand.h(24): warning:  #1-D: last line of file ends without a newline
linking...
Program Size: Code=2624 RO-data=32 RW-data=44 ZI-data=1260  
FromELF: creating hex file...
User command #1: fromelf --bin lcd.axf -o lcd.bin
"lcd.axf" - 0 Error(s), 2 Warning(s).
Rebuild target 'Target 1'
assembling Startup.s...
compiling lcd.c...
compiling main.c...
weigand.h(24): warning:  #1-D: last line of file ends without a newline
compiling weigand.c...
weigand.h(24): warning:  #1-D: last line of file ends without a newline
linking...
Program Size: Code=2624 RO-data=32 RW-data=44 ZI-data=1260  
FromELF: creating hex file...
User command #1: fromelf --bin lcd.axf -o lcd.bin
"lcd.axf" - 0 Error(s), 2 Warning(s).
Rebuild target 'Target 1'
assembling Startup.s...
compiling lcd.c...
compiling main.c...
weigand.h(24): warning:  #1-D: last line of file ends without a newline
main.c(59): error:  #65: expected a ";"
compiling weigand.c...
weigand.h(24): warning:  #1-D: last line of file ends without a newline
Target not created
Rebuild target 'Target 1'
assembling Startup.s...
compiling lcd.c...
compiling main.c...
weigand.h(24): warning:  #1-D: last line of file ends without a newline
main.c(59): error:  #65: expected a ";"
compiling weigand.c...
weigand.h(24): warning:  #1-D: last line of file ends without a newline
Target not created
Rebuild target 'Target 1'
assembling Startup.s...
compiling lcd.c...
compiling main.c...
weigand.h(24): warning:  #1-D: last line of file ends without a newline
main.c(59): error:  #65: expected a ";"
compiling weigand.c...
weigand.h(24): warning:  #1-D: last line of file ends without a newline
Target not created
Rebuild target 'Target 1'
assembling Startup.s...
compiling lcd.c...
compiling main.c...
weigand.h(24): warning:  #1-D: last line of file ends without a newline
main.c(59): error:  #65: expected a ";"
compiling weigand.c...
weigand.h(24): warning:  #1-D: last line of file ends without a newline
Target not created
Rebuild target 'Target 1'
assembling Startup.s...
compiling lcd.c...
compiling main.c...
weigand.h(24): warning:  #1-D: last line of file ends without a newline
main.c(59): error:  #65: expected a ";"
compiling weigand.c...
weigand.h(24): warning:  #1-D: last line of file ends without a newline
Target not created
Rebuild target 'Target 1'
assembling Startup.s...
compiling lcd.c...
compiling main.c...
weigand.h(24): warning:  #1-D: last line of file ends without a newline
main.c(59): error:  #65: expected a ";"
compiling weigand.c...
weigand.h(24): warning:  #1-D: last line of file ends without a newline
Target not created
Rebuild target 'Target 1'
assembling Startup.s...
compiling lcd.c...
compiling main.c...
weigand.h(24): warning:  #1-D: last line of file ends without a newline
main.c(59): error:  #65: expected a ";"
compiling weigand.c...
weigand.h(24): warning:  #1-D: last line of file ends without a newline
Target not created
Rebuild target 'Target 1'
assembling Startup.s...
compiling lcd.c...
compiling main.c...
weigand.h(24): warning:  #1-D: last line of file ends without a newline
main.c(59): error:  #65: expected a ";"
compiling weigand.c...
weigand.h(24): warning:  #1-D: last line of file ends without a newline
Target not created
Rebuild target 'Target 1'
assembling Startup.s...
compiling lcd.c...
compiling main.c...
weigand.h(24): warning:  #1-D: last line of file ends without a newline
compiling weigand.c...
weigand.h(24): warning:  #1-D: last line of file ends without a newline
linking...
Program Size: Code=2764 RO-data=32 RW-data=44 ZI-data=1260  
FromELF: creating hex file...
User command #1: fromelf --bin lcd.axf -o lcd.bin
"lcd.axf" - 0 Error(s), 2 Warning(s).
Rebuild target 'Target 1'
assembling Startup.s...
compiling lcd.c...
compiling main.c...
weigand.h(24): warning:  #1-D: last line of file ends without a newline
compiling weigand.c...
weigand.h(24): warning:  #1-D: last line of file ends without a newline
linking...
Program Size: Code=2764 RO-data=32 RW-data=44 ZI-data=1260  
FromELF: creating hex file...
User command #1: fromelf --bin lcd.axf -o lcd.bin
"lcd.axf" - 0 Error(s), 2 Warning(s).
Rebuild target 'Target 1'
assembling Startup.s...
compiling lcd.c...
compiling main.c...
weigand.h(24): warning:  #1-D: last line of file ends without a newline
compiling weigand.c...
weigand.h(24): warning:  #1-D: last line of file ends without a newline
linking...
Program Size: Code=2764 RO-data=32 RW-data=44 ZI-data=1260  
FromELF: creating hex file...
User command #1: fromelf --bin lcd.axf -o lcd.bin
"lcd.axf" - 0 Error(s), 2 Warning(s).
Rebuild target 'Target 1'
assembling Startup.s...
compiling lcd.c...
compiling main.c...
weigand.h(24): warning:  #1-D: last line of file ends without a newline
compiling weigand.c...
weigand.h(24): warning:  #1-D: last line of file ends without a newline
linking...
Program Size: Code=2768 RO-data=32 RW-data=44 ZI-data=1260  
FromELF: creating hex file...
User command #1: fromelf --bin lcd.axf -o lcd.bin
"lcd.axf" - 0 Error(s), 2 Warning(s).
Rebuild target 'Target 1'
assembling Startup.s...
compiling lcd.c...
compiling main.c...
weigand.h(24): warning:  #1-D: last line of file ends without a newline
compiling weigand.c...
weigand.h(24): warning:  #1-D: last line of file ends without a newline
linking...
Program Size: Code=2768 RO-data=32 RW-data=44 ZI-data=1260  
FromELF: creating hex file...
User command #1: fromelf --bin lcd.axf -o lcd.bin
"lcd.axf" - 0 Error(s), 2 Warning(s).
